../Core/Src/main.c:82:6:motorStop	8	static
../Core/Src/main.c:87:6:home	16	static
../Core/Src/main.c:126:5:main	96	static
../Core/Src/main.c:342:6:SystemClock_Config	88	static
../Core/Src/main.c:398:6:transmitStringUART	144	static
../Core/Src/main.c:409:6:HAL_GPIO_EXTI_Callback	16	static
../Core/Src/main.c:422:6:playBuzzer	16	static
../Core/Src/main.c:428:6:playRefereeBuzzer	8	static
../Core/Src/main.c:436:6:HAL_TIM_PeriodElapsedCallback	16	static
../Core/Src/main.c:471:6:Error_Handler	4	static,ignoring_inline_asm
